{"level":"info","message":"Roles router hit","service":"user-service"}
{"level":"info","message":"API's fetched successfully","service":"user-service"}
{"level":"info","message":"Roles router hit","service":"user-service"}
{"level":"info","message":"Roles service hit","service":"user-service"}
{"level":"info","message":"API's fetched successfully","service":"user-service"}
{"level":"info","message":"Employees router hit","service":"user-service"}
{"level":"info","message":"API's fetched successfully","service":"user-service"}
{"level":"info","message":"Employees router hit","service":"user-service"}
{"level":"info","message":"Employees router hit","service":"user-service"}
{"level":"info","message":"Employees service hit","service":"user-service"}
{"level":"info","message":"API's fetched successfully","service":"user-service"}
{"level":"info","message":"Leaves router hit","service":"user-service"}
{"level":"info","message":"Leaves router hit","service":"user-service"}
{"level":"info","message":"errHandler","service":"user-service"}
{"level":"info","message":"Employees service hit","service":"user-service"}
{"level":"info","message":"Leaves router hit","service":"user-service"}
{"level":"info","message":"errHandler","service":"user-service"}
{"level":"info","message":"Leaves service hit","service":"user-service"}
{"level":"info","message":"Leaves router hit","service":"user-service"}
{"level":"info","message":"errHandler","service":"user-service"}
{"level":"info","message":"Leaves service hit","service":"user-service"}
{"level":"info","message":"Leaves router hit","service":"user-service"}
{"level":"info","message":"errHandler","service":"user-service"}
{"level":"info","message":"Leaves service hit","service":"user-service"}
{"level":"info","message":"Leaves router hit","service":"user-service"}
{"level":"info","message":"errHandler","service":"user-service"}
{"level":"info","message":"Leaves service hit","service":"user-service"}
{"level":"info","message":"Leaves router hit","service":"user-service"}
{"level":"info","message":"errHandler","service":"user-service"}
{"level":"info","message":"Leaves service hit","service":"user-service"}
{"level":"info","message":"Leaves router hit","service":"user-service"}
{"level":"info","message":"errHandler","service":"user-service"}
{"level":"info","message":"Leaves service hit","service":"user-service"}
{"level":"info","message":"API's fetched successfully","service":"user-service"}
{"level":"info","message":"Roles router hit","service":"user-service"}
{"level":"info","message":"errHandler","service":"user-service"}
{"level":"info","message":"Roles service hit","service":"user-service"}
{"level":"info","message":"API's fetched successfully","service":"user-service"}
{"level":"info","message":"Roles router hit","service":"user-service"}
{"level":"info","message":"errHandler","service":"user-service"}
{"level":"info","message":"Roles service hit","service":"user-service"}
{"level":"info","message":"Leaves router hit","service":"user-service"}
{"level":"info","message":"errHandler","service":"user-service"}
{"level":"info","message":"Employees service hit","service":"user-service"}
{"level":"info","message":"API's fetched successfully","service":"user-service"}
{"level":"info","message":"Leaves router hit","service":"user-service"}
{"level":"info","message":"errHandler","service":"user-service"}
{"level":"info","message":"Employees service hit","service":"user-service"}
{"level":"info","message":"API's fetched successfully","service":"user-service"}
{"level":"info","message":"Leaves router hit","service":"user-service"}
{"level":"info","message":"errHandler","service":"user-service"}
{"level":"info","message":"Employees service hit","service":"user-service"}
{"level":"info","message":"API's fetched successfully","service":"user-service"}
{"level":"info","message":"Leaves router hit","service":"user-service"}
{"level":"info","message":"errHandler","service":"user-service"}
{"level":"info","message":"Employees service hit","service":"user-service"}
{"level":"info","message":"API's fetched successfully","service":"user-service"}
{"level":"info","message":"Leaves router hit","service":"user-service"}
{"level":"info","message":"errHandler","service":"user-service"}
{"level":"info","message":"Employees service hit","service":"user-service"}
{"level":"info","message":"Leaves router hit","service":"user-service"}
{"level":"info","message":"errHandler","service":"user-service"}
{"level":"info","message":"Employees service hit","service":"user-service"}
{"level":"info","message":"API's fetched successfully","service":"user-service"}
{"level":"info","message":"Leaves router hit","service":"user-service"}
{"level":"info","message":"errHandler","service":"user-service"}
{"level":"info","message":"Employees service hit","service":"user-service"}
{"level":"info","message":"API's fetched successfully","service":"user-service"}
{"level":"info","message":"Leaves router hit","service":"user-service"}
{"level":"info","message":"errHandler","service":"user-service"}
{"level":"info","message":"Employees service hit","service":"user-service"}
{"level":"info","message":"API's fetched successfully","service":"user-service"}
{"level":"info","message":"Employees router hit","service":"user-service"}
{"level":"info","message":"errHandler","service":"user-service"}
{"level":"info","message":"Employees service hit","service":"user-service"}
{"level":"info","message":"API's fetched successfully","service":"user-service"}
{"level":"info","message":"Employees router hit","service":"user-service"}
{"level":"info","message":"errHandler","service":"user-service"}
{"level":"info","message":"Employees service hit","service":"user-service"}
{"level":"info","message":"API's fetched successfully","service":"user-service"}
{"level":"info","message":"Employees router hit","service":"user-service"}
{"level":"info","message":"errHandler","service":"user-service"}
{"level":"info","message":"Employees service hit","service":"user-service"}
{"level":"info","message":"API's fetched successfully","service":"user-service"}
{"level":"info","message":"Employees router hit","service":"user-service"}
{"level":"info","message":"errHandler","service":"user-service"}
{"level":"info","message":"Employees service hit","service":"user-service"}
{"level":"info","message":"API's fetched successfully","service":"user-service"}
{"level":"info","message":"Employees router hit","service":"user-service"}
{"level":"info","message":"errHandler","service":"user-service"}
{"level":"info","message":"Employees service hit","service":"user-service"}
{"level":"info","message":"API's fetched successfully","service":"user-service"}
{"level":"info","message":"Employees router hit","service":"user-service"}
{"level":"info","message":"errHandler","service":"user-service"}
{"level":"info","message":"Employees service hit","service":"user-service"}
{"level":"info","message":"API's fetched successfully","service":"user-service"}
{"level":"info","message":"Employees router hit","service":"user-service"}
{"level":"info","message":"errHandler","service":"user-service"}
{"level":"info","message":"Employees service hit","service":"user-service"}
{"level":"info","message":"API's fetched successfully","service":"user-service"}
{"level":"info","message":"Employees router hit","service":"user-service"}
{"level":"info","message":"errHandler","service":"user-service"}
{"level":"info","message":"Employees service hit","service":"user-service"}
{"level":"info","message":"Roles router hit","service":"user-service"}
{"level":"info","message":"errHandler","service":"user-service"}
{"level":"info","message":"Roles service hit","service":"user-service"}
{"level":"info","message":"API's fetched successfully","service":"user-service"}
{"level":"info","message":"Roles router hit","service":"user-service"}
{"level":"info","message":"errHandler","service":"user-service"}
{"level":"info","message":"Roles service hit","service":"user-service"}
{"level":"info","message":"API's fetched successfully","service":"user-service"}
{"level":"info","message":"Roles router hit","service":"user-service"}
{"level":"info","message":"errHandler","service":"user-service"}
{"level":"info","message":"Roles service hit","service":"user-service"}
{"level":"info","message":"API's fetched successfully","service":"user-service"}
{"level":"info","message":"Roles router hit","service":"user-service"}
{"level":"info","message":"errHandler","service":"user-service"}
{"level":"info","message":"Roles service hit","service":"user-service"}
{"level":"info","message":"API's fetched successfully","service":"user-service"}
{"level":"info","message":"Roles router hit","service":"user-service"}
{"level":"info","message":"errHandler","service":"user-service"}
{"level":"info","message":"Roles service hit","service":"user-service"}
{"level":"info","message":"API's fetched successfully","service":"user-service"}
{"level":"info","message":"Roles router hit","service":"user-service"}
{"level":"info","message":"errHandler","service":"user-service"}
{"level":"info","message":"Roles service hit","service":"user-service"}
{"level":"info","message":"API's fetched successfully","service":"user-service"}
{"level":"info","message":"Roles router hit","service":"user-service"}
{"level":"info","message":"errHandler","service":"user-service"}
{"level":"info","message":"Roles service hit","service":"user-service"}
{"level":"info","message":"API's fetched successfully","service":"user-service"}
{"level":"info","message":"Roles router hit","service":"user-service"}
{"level":"info","message":"errHandler","service":"user-service"}
{"level":"info","message":"Roles service hit","service":"user-service"}
{"level":"info","message":"API's fetched successfully","service":"user-service"}
{"level":"info","message":"Roles router hit","service":"user-service"}
{"level":"info","message":"errHandler","service":"user-service"}
{"level":"info","message":"Roles service hit","service":"user-service"}
{"level":"info","message":"API's fetched successfully","service":"user-service"}
{"level":"info","message":"Roles router hit","service":"user-service"}
{"level":"info","message":"errHandler","service":"user-service"}
{"level":"info","message":"Roles service hit","service":"user-service"}
{"level":"info","message":"API's fetched successfully","service":"user-service"}
{"level":"info","message":"Roles router hit","service":"user-service"}
{"level":"info","message":"errHandler","service":"user-service"}
{"level":"info","message":"Roles service hit","service":"user-service"}
{"level":"info","message":"API's fetched successfully","service":"user-service"}
{"level":"info","message":"Employees router hit","service":"user-service"}
{"level":"info","message":"errHandler","service":"user-service"}
{"level":"info","message":"Employees service hit","service":"user-service"}
